---
source: graphql-parser/tests/tests.rs
expression: "format!(\"{}\\n---\\n{:#?}\", & input, & result)"
---
extend interface Bar {
  two(argument: InputType!): Type
}

---
Err(
    ParseError(
        "Parse error at 1:1\nUnexpected `extend[Name]`\nExpected `{`, `query`, `mutation`, `subscription` or `fragment`\n",
    ),
)
