---
source: graphql-parser/tests/tests.rs
expression: "format!(\"{}\\n---\\n{:#?}\", & input, & result)"
---
schema {
  query: Query
}

---
Err(
    ParseError(
        "Parse error at 1:1\nUnexpected `schema[Name]`\nExpected `{`, `query`, `mutation`, `subscription` or `fragment`\n",
    ),
)
