---
source: graphql-parser/tests/tests.rs
expression: "format!(\"{}\\n---\\n{:#?}\", & input, & result)"
---
extend input InputType {
  other: Float = 1.23e4
}

---
Err(
    ParseError(
        "Parse error at 1:1\nUnexpected `extend[Name]`\nExpected `{`, `query`, `mutation`, `subscription` or `fragment`\n",
    ),
)
