---
source: graphql-parser/tests/tests.rs
expression: "format!(\"{}\\n---\\n{:#?}\", & input, & result)"
---
enum Site {
  DESKTOP
  MOBILE
}

---
Ok(
    Document {
        definitions: [
            Type(
                Enum(
                    EnumType {
                        position: Pos(1:1),
                        description: None,
                        name: "Site",
                        directives: [],
                        values: [
                            EnumValue {
                                position: Pos(2:3),
                                description: None,
                                name: "DESKTOP",
                                directives: [],
                            },
                            EnumValue {
                                position: Pos(3:3),
                                description: None,
                                name: "MOBILE",
                                directives: [],
                            },
                        ],
                    },
                ),
            ),
        ],
    },
)
