---
source: graphql-parser/tests/tests.rs
expression: "format!(\"{}\\n---\\n{:#?}\", & input, & result)"
---
query {
  node(id: 1, list: [123, 456])
}

---
Ok(
    Document {
        definitions: [
            Operation(
                OperationDefinition {
                    position: Pos(1:1),
                    kind: Query,
                    description: None,
                    name: None,
                    variable_definitions: [],
                    directives: [],
                    selection_set: SelectionSet {
                        span: (
                            Pos(1:7),
                            Pos(3:1),
                        ),
                        items: [
                            Field(
                                Field {
                                    position: Pos(2:3),
                                    alias: None,
                                    name: "node",
                                    arguments: [
                                        (
                                            "id",
                                            Int(
                                                1,
                                            ),
                                        ),
                                        (
                                            "list",
                                            List(
                                                [
                                                    Int(
                                                        123,
                                                    ),
                                                    Int(
                                                        456,
                                                    ),
                                                ],
                                            ),
                                        ),
                                    ],
                                    directives: [],
                                    selection_set: SelectionSet {
                                        span: (
                                            Pos(2:3),
                                            Pos(2:3),
                                        ),
                                        items: [],
                                    },
                                },
                            ),
                        ],
                    },
                },
            ),
        ],
    },
)
