---
source: graphql-parser/tests/tests.rs
expression: "format!(\"{}\\n---\\n{:#?}\", & input, & visit_parse_schema(& ast))"
---
union UndefinedUnion

---
Print {
    output: [
        Visit {
            event: "enter_schema",
            name: None,
        },
        Visit {
            event: "enter_schema_def",
            name: Some(
                "UndefinedUnion",
            ),
        },
        Visit {
            event: "leave_schema_def",
            name: Some(
                "UndefinedUnion",
            ),
        },
        Visit {
            event: "leave_schema",
            name: None,
        },
    ],
}
