---
source: graphql-parser/tests/tests.rs
expression: "format!(\"{}\\n---\\n{:#?}\", & input, & visit_parse_schema(& ast))"
---
interface Bar {
  one: Type
}

---
Print {
    output: [
        Visit {
            event: "enter_schema",
            name: None,
        },
        Visit {
            event: "enter_schema_def",
            name: Some(
                "Bar",
            ),
        },
        Visit {
            event: "enter_field",
            name: Some(
                "one",
            ),
        },
        Visit {
            event: "leave_field",
            name: Some(
                "one",
            ),
        },
        Visit {
            event: "leave_schema_def",
            name: Some(
                "Bar",
            ),
        },
        Visit {
            event: "leave_schema",
            name: None,
        },
    ],
}
