---
source: graphql-parser/tests/tests.rs
expression: "format!(\"{}\\n---\\n{:#?}\", & input, & result)"
---
query {
  node {
    id
  }
}

---
Ok(
    Document {
        definitions: [
            Operation(
                OperationDefinition {
                    position: Pos(1:1),
                    kind: Query,
                    description: None,
                    name: None,
                    variable_definitions: [],
                    directives: [],
                    selection_set: SelectionSet {
                        span: (
                            Pos(1:7),
                            Pos(5:1),
                        ),
                        items: [
                            Field(
                                Field {
                                    position: Pos(2:3),
                                    alias: None,
                                    name: "node",
                                    arguments: [],
                                    directives: [],
                                    selection_set: SelectionSet {
                                        span: (
                                            Pos(2:8),
                                            Pos(4:3),
                                        ),
                                        items: [
                                            Field(
                                                Field {
                                                    position: Pos(3:5),
                                                    alias: None,
                                                    name: "id",
                                                    arguments: [],
                                                    directives: [],
                                                    selection_set: SelectionSet {
                                                        span: (
                                                            Pos(3:5),
                                                            Pos(3:5),
                                                        ),
                                                        items: [],
                                                    },
                                                },
                                            ),
                                        ],
                                    },
                                },
                            ),
                        ],
                    },
                },
            ),
        ],
    },
)
