---
source: graphql-parser/tests/tests.rs
expression: "format!(\"{}\\n---\\n{:#?}\", & input, & result)"
---
extend union Feed = Photo | Video

---
Ok(
    Document {
        definitions: [
            TypeExtension(
                Union(
                    UnionTypeExtension {
                        position: Pos(1:8),
                        name: "Feed",
                        directives: [],
                        types: [
                            "Photo",
                            "Video",
                        ],
                    },
                ),
            ),
        ],
    },
)
