---
source: graphql-parser/tests/tests.rs
expression: "format!(\"{}\\n---\\n{:#?}\", & input, & visit_parse_schema(& ast))"
---
input InputType {
  key: String!
  answer: Int = 42
}

---
Print {
    output: [
        Visit {
            event: "enter_schema",
            name: None,
        },
        Visit {
            event: "enter_schema_def",
            name: Some(
                "InputType",
            ),
        },
        Visit {
            event: "leave_schema_def",
            name: Some(
                "InputType",
            ),
        },
        Visit {
            event: "leave_schema",
            name: None,
        },
    ],
}
