---
source: graphql-parser/tests/tests.rs
expression: "format!(\"{}\\n---\\n{:#?}\", & input, & visit_parse_schema(& ast))"
---
directive @skip(if: Boolean!) on FIELD | FRAGMENT_SPREAD | INLINE_FRAGMENT

---
Print {
    output: [
        Visit {
            event: "enter_schema",
            name: None,
        },
        Visit {
            event: "enter_schema_def",
            name: Some(
                "skip",
            ),
        },
        Visit {
            event: "leave_schema_def",
            name: Some(
                "skip",
            ),
        },
        Visit {
            event: "leave_schema",
            name: None,
        },
    ],
}
