---
source: graphql-parser/tests/tests.rs
expression: "format!(\"{}\\n---\\n{:#?}\", & input, & result)"
---
mutation @directive {
  node
}

---
Ok(
    Document {
        definitions: [
            Operation(
                OperationDefinition {
                    position: Pos(1:1),
                    kind: Mutation,
                    description: None,
                    name: None,
                    variable_definitions: [],
                    directives: [
                        Directive {
                            position: Pos(1:10),
                            name: "directive",
                            arguments: [],
                        },
                    ],
                    selection_set: SelectionSet {
                        span: (
                            Pos(1:21),
                            Pos(3:1),
                        ),
                        items: [
                            Field(
                                Field {
                                    position: Pos(2:3),
                                    alias: None,
                                    name: "node",
                                    arguments: [],
                                    directives: [],
                                    selection_set: SelectionSet {
                                        span: (
                                            Pos(2:3),
                                            Pos(2:3),
                                        ),
                                        items: [],
                                    },
                                },
                            ),
                        ],
                    },
                },
            ),
        ],
    },
)
