---
source: graphql-parser/tests/tests.rs
expression: "format!(\"{}\\n---\\n{:#?}\", & input, & result)"
---
interface Bar {
  one: Type
}

---
Err(
    ParseError(
        "Parse error at 1:1\nUnexpected `interface[Name]`\nExpected `{`, `query`, `mutation`, `subscription` or `fragment`\n",
    ),
)
