---
source: graphql-parser/tests/tests.rs
expression: "format!(\"{}\\n---\\n{:#?}\", & input, & result)"
---
type Type1 implements & IOne & ITwo
type Type2 implements & IOne

---
Err(
    ParseError(
        "Parse error at 1:1\nUnexpected `type[Name]`\nExpected `{`, `query`, `mutation`, `subscription` or `fragment`\n",
    ),
)
