---
source: graphql-parser/tests/tests.rs
expression: "format!(\"{}\\n---\\n{:#?}\", & input, & result)"
---
query {
  node @dir(a: 1, b: "2", c: true, d: false, e: null)
}

---
Ok(
    Document {
        definitions: [
            Operation(
                OperationDefinition {
                    position: Pos(1:1),
                    kind: Query,
                    description: None,
                    name: None,
                    variable_definitions: [],
                    directives: [],
                    selection_set: SelectionSet {
                        span: (
                            Pos(1:7),
                            Pos(3:1),
                        ),
                        items: [
                            Field(
                                Field {
                                    position: Pos(2:3),
                                    alias: None,
                                    name: "node",
                                    arguments: [],
                                    directives: [
                                        Directive {
                                            position: Pos(2:8),
                                            name: "dir",
                                            arguments: [
                                                (
                                                    "a",
                                                    Int(
                                                        1,
                                                    ),
                                                ),
                                                (
                                                    "b",
                                                    String(
                                                        "2",
                                                    ),
                                                ),
                                                (
                                                    "c",
                                                    Boolean(
                                                        true,
                                                    ),
                                                ),
                                                (
                                                    "d",
                                                    Boolean(
                                                        false,
                                                    ),
                                                ),
                                                (
                                                    "e",
                                                    Null,
                                                ),
                                            ],
                                        },
                                    ],
                                    selection_set: SelectionSet {
                                        span: (
                                            Pos(2:3),
                                            Pos(2:3),
                                        ),
                                        items: [],
                                    },
                                },
                            ),
                        ],
                    },
                },
            ),
        ],
    },
)
