---
source: graphql-parser/tests/tests.rs
expression: "format!(\"{}\\n---\\n{:#?}\", & input, & result)"
---
query {
  node {
    id
    ... on User @defer {
      name
    }
  }
}

---
Ok(
    Document {
        definitions: [
            Operation(
                OperationDefinition {
                    position: Pos(1:1),
                    kind: Query,
                    description: None,
                    name: None,
                    variable_definitions: [],
                    directives: [],
                    selection_set: SelectionSet {
                        span: (
                            Pos(1:7),
                            Pos(8:1),
                        ),
                        items: [
                            Field(
                                Field {
                                    position: Pos(2:3),
                                    alias: None,
                                    name: "node",
                                    arguments: [],
                                    directives: [],
                                    selection_set: SelectionSet {
                                        span: (
                                            Pos(2:8),
                                            Pos(7:3),
                                        ),
                                        items: [
                                            Field(
                                                Field {
                                                    position: Pos(3:5),
                                                    alias: None,
                                                    name: "id",
                                                    arguments: [],
                                                    directives: [],
                                                    selection_set: SelectionSet {
                                                        span: (
                                                            Pos(3:5),
                                                            Pos(3:5),
                                                        ),
                                                        items: [],
                                                    },
                                                },
                                            ),
                                            InlineFragment(
                                                InlineFragment {
                                                    position: Pos(4:9),
                                                    type_condition: Some(
                                                        "User",
                                                    ),
                                                    directives: [
                                                        Directive {
                                                            position: Pos(4:17),
                                                            name: "defer",
                                                            arguments: [],
                                                        },
                                                    ],
                                                    selection_set: SelectionSet {
                                                        span: (
                                                            Pos(4:24),
                                                            Pos(6:5),
                                                        ),
                                                        items: [
                                                            Field(
                                                                Field {
                                                                    position: Pos(5:7),
                                                                    alias: None,
                                                                    name: "name",
                                                                    arguments: [],
                                                                    directives: [],
                                                                    selection_set: SelectionSet {
                                                                        span: (
                                                                            Pos(5:7),
                                                                            Pos(5:7),
                                                                        ),
                                                                        items: [],
                                                                    },
                                                                },
                                                            ),
                                                        ],
                                                    },
                                                },
                                            ),
                                        ],
                                    },
                                },
                            ),
                        ],
                    },
                },
            ),
        ],
    },
)
