---
source: graphql-parser/tests/tests.rs
expression: "format!(\"{}\\n---\\n{:#?}\", & input, & result)"
---
type UndefinedType

---
Ok(
    Document {
        definitions: [
            Type(
                Object(
                    ObjectType {
                        position: Pos(1:1),
                        description: None,
                        name: "UndefinedType",
                        implements_interfaces: [],
                        directives: [],
                        fields: [],
                    },
                ),
            ),
        ],
    },
)
